{"level":"info","message":"WebSocket server running on ws://localhost:8080"}
{"level":"info","message":"Connected to MongoDB"}
{"level":"info","message":"Client connected"}
{"level":"info","message":"Saved position for session 1746641121525_262: (1, 0)"}
{"level":"info","message":"Saved position for session 1746641121525_262: (0, 0)"}
{"level":"info","message":"Saved position for session 1746641121525_262: (1, 0)"}
{"level":"info","message":"Saved position for session 1746641121525_262: (2, 0)"}
{"level":"info","message":"Saved position for session 1746641121525_262: (3, 0)"}
{"level":"info","message":"Saved position for session 1746641121525_262: (4, 0)"}
{"level":"info","message":"Saved position for session 1746641121525_262: (5, 0)"}
{"level":"info","message":"Saved position for session 1746641121525_262: (4, 0)"}
{"level":"info","message":"Saved position for session 1746641121525_262: (3, 0)"}
{"level":"info","message":"Saved position for session 1746641121525_262: (2, 0)"}
{"level":"info","message":"Saved position for session 1746641121525_262: (3, 0)"}
{"level":"info","message":"Saved position for session 1746641121525_262: (2, 0)"}
{"level":"info","message":"Saved position for session 1746641121525_262: (2, 1)"}
{"level":"info","message":"Saved position for session 1746641121525_262: (2, 2)"}
{"level":"info","message":"Saved position for session 1746641121525_262: (2, 3)"}
{"level":"info","message":"Saved position for session 1746641121525_262: (2, 4)"}
{"level":"info","message":"Saved position for session 1746641121525_262: (2, 5)"}
{"level":"info","message":"Saved position for session 1746641121525_262: (2, 4)"}
{"level":"info","message":"Saved position for session 1746641121525_262: (2, 3)"}
{"level":"info","message":"Saved position for session 1746641121525_262: (2, 2)"}
{"level":"info","message":"Saved position for session 1746641121525_262: (2, 1)"}
{"level":"info","message":"Saved position for session 1746641121525_262: (2, 0)"}
{"level":"info","message":"Saved position for session 1746641121525_262: (3, 0)"}
{"level":"info","message":"Saved position for session 1746641121525_262: (4, 0)"}
{"level":"info","message":"Saved position for session 1746641121525_262: (5, 0)"}
{"level":"info","message":"Saved position for session 1746641121525_262: (6, 0)"}
{"level":"info","message":"Saved position for session 1746641121525_262: (7, 0)"}
{"level":"info","message":"Saved position for session 1746641121525_262: (6, 0)"}
{"level":"info","message":"Saved position for session 1746641121525_262: (5, 0)"}
{"level":"info","message":"Saved position for session 1746641121525_262: (4, 0)"}
{"level":"info","message":"Saved position for session 1746641121525_262: (3, 0)"}
{"level":"info","message":"Saved position for session 1746641121525_262: (2, 0)"}
{"level":"info","message":"Saved position for session 1746641121525_262: (1, 0)"}
{"level":"info","message":"Saved position for session 1746641121525_262: (0, 0)"}
{"level":"info","message":"Saved position for session 1746641121525_262: (-1, 0)"}
{"level":"info","message":"Saved position for session 1746641121525_262: (-2, 0)"}
{"level":"info","message":"Saved position for session 1746641121525_262: (-3, 0)"}
{"level":"info","message":"Saved position for session 1746641121525_262: (-4, 0)"}
{"level":"info","message":"Saved position for session 1746641121525_262: (-5, 0)"}
{"level":"info","message":"Saved position for session 1746641121525_262: (-6, 0)"}
{"level":"info","message":"Saved position for session 1746641121525_262: (-6, 1)"}
{"level":"info","message":"Saved position for session 1746641121525_262: (-6, 2)"}
{"level":"info","message":"Saved position for session 1746641121525_262: (-6, 3)"}
{"level":"info","message":"Saved position for session 1746641121525_262: (-6, 2)"}
{"level":"info","message":"Saved position for session 1746641121525_262: (-6, 1)"}
{"level":"info","message":"Saved position for session 1746641121525_262: (-6, 0)"}
{"level":"info","message":"Saved position for session 1746641121525_262: (-6, -1)"}
{"level":"info","message":"Saved position for session 1746641121525_262: (-6, -2)"}
{"level":"info","message":"Saved position for session 1746641121525_262: (-6, -3)"}
{"level":"info","message":"Saved position for session 1746641121525_262: (-6, -4)"}
{"level":"info","message":"Saved position for session 1746641121525_262: (-6, -5)"}
{"level":"info","message":"Session ended. Distance: 8.60"}
{"level":"info","message":"Saved position for session 1746641121525_262: (-5, -5)"}
{"level":"info","message":"Saved position for session 1746641121525_262: (-4, -5)"}
{"level":"info","message":"Saved position for session 1746641121525_262: (-5, -5)"}
{"level":"info","message":"Saved position for session 1746641121525_262: (-4, -5)"}
{"level":"info","message":"Saved position for session 1746641121525_262: (-5, -5)"}
{"level":"info","message":"Saved position for session 1746641121525_262: (-4, -5)"}
{"level":"info","message":"Saved position for session 1746641121525_262: (-5, -5)"}
{"level":"info","message":"Saved position for session 1746641121525_262: (-4, -5)"}
{"level":"info","message":"Saved position for session 1746641121525_262: (-5, -5)"}
{"level":"info","message":"Saved position for session 1746641121525_262: (-4, -5)"}
{"level":"info","message":"Saved position for session 1746641121525_262: (-3, -5)"}
{"level":"info","message":"Saved position for session 1746641121525_262: (-3, -4)"}
{"level":"info","message":"Saved position for session 1746641121525_262: (-3, -3)"}
{"level":"info","message":"Saved position for session 1746641121525_262: (-3, -2)"}
{"level":"info","message":"Saved position for session 1746641121525_262: (-3, -1)"}
{"level":"info","message":"Saved position for session 1746641121525_262: (-3, 0)"}
{"level":"info","message":"Saved position for session 1746641121525_262: (-3, 1)"}
{"level":"info","message":"Saved position for session 1746641121525_262: (-3, 0)"}
{"level":"info","message":"Saved position for session 1746641121525_262: (-4, 0)"}
{"level":"info","message":"Saved position for session 1746641121525_262: (-5, 0)"}
{"level":"info","message":"Saved position for session 1746641121525_262: (-6, 0)"}
{"level":"info","message":"Saved position for session 1746641121525_262: (-5, 0)"}
{"level":"info","message":"Saved position for session 1746641121525_262: (-4, 0)"}
{"level":"info","message":"Saved position for session 1746641121525_262: (-3, 0)"}
{"level":"info","message":"Saved position for session 1746641121525_262: (-2, 0)"}
{"level":"info","message":"Saved position for session 1746641121525_262: (-1, 0)"}
{"level":"info","message":"Saved position for session 1746641121525_262: (0, 0)"}
{"level":"info","message":"Saved position for session 1746641121525_262: (0, -1)"}
{"level":"info","message":"Saved position for session 1746641121525_262: (0, -2)"}
{"level":"info","message":"Saved position for session 1746641121525_262: (0, -2)"}
{"level":"info","message":"Saved position for session 1746641121525_262: (0, -2)"}
{"level":"info","message":"Saved position for session 1746641121525_262: (0, -2)"}
{"level":"info","message":"Saved position for session 1746641121525_262: (0, -2)"}
{"level":"info","message":"Saved position for session 1746641121525_262: (0, -2)"}
{"level":"info","message":"Saved position for session 1746641121525_262: (0, -2)"}
{"level":"info","message":"Saved position for session 1746641121525_262: (0, -2)"}
{"level":"info","message":"Saved position for session 1746641121525_262: (0, -2)"}
{"level":"info","message":"Saved position for session 1746641121525_262: (0, -2)"}
{"level":"info","message":"WebSocket server running on ws://localhost:8080"}
{"level":"info","message":"Connected to MongoDB"}
{"level":"info","message":"Client connected"}
{"level":"info","message":"Saved position for session 1746641424756_808: (1, 0)"}
{"level":"info","message":"Saved position for session 1746641424756_808: (0, 0)"}
{"level":"info","message":"Saved position for session 1746641424756_808: (1, 0)"}
{"level":"info","message":"Saved position for session 1746641424756_808: (0, 0)"}
{"level":"info","message":"Saved position for session 1746641424756_808: (1, 0)"}
{"level":"info","message":"Saved position for session 1746641424756_808: (0, 0)"}
{"level":"info","message":"Saved position for session 1746641424756_808: (0, -1)"}
{"level":"info","message":"Saved position for session 1746641424756_808: (0, -2)"}
{"level":"info","message":"Saved position for session 1746641424756_808: (0, -3)"}
{"level":"info","message":"Saved position for session 1746641424756_808: (0, -4)"}
{"level":"info","message":"Saved position for session 1746641424756_808: (0, -5)"}
{"level":"info","message":"Saved position for session 1746641424756_808: (0, -6)"}
{"level":"info","message":"Saved position for session 1746641424756_808: (0, -7)"}
{"level":"info","message":"Saved position for session 1746641424756_808: (0, -8)"}
{"level":"info","message":"Saved position for session 1746641424756_808: (0, -9)"}
{"level":"info","message":"Saved position for session 1746641424756_808: (0, -10)"}
{"level":"info","message":"Session ended. Distance: 10.05"}
{"level":"info","message":"Saved position for session 1746641424756_808: (0, -10)"}
{"level":"info","message":"Saved position for session 1746641424756_808: (0, -10)"}
{"level":"info","message":"Saved position for session 1746641424756_808: (0, -10)"}
{"level":"info","message":"Saved position for session 1746641424756_808: (0, -10)"}
{"level":"info","message":"Saved position for session 1746641424756_808: (0, -10)"}
{"level":"info","message":"Saved position for session 1746641424756_808: (0, -10)"}
{"level":"info","message":"WebSocket server running on ws://localhost:8080"}
{"level":"info","message":"Connected to MongoDB"}
{"level":"info","message":"Client connected"}
{"level":"info","message":"Saved position for session 1746641570399_4: (1, 0)"}
{"level":"info","message":"Saved position for session 1746641570399_4: (0, 0)"}
{"level":"info","message":"Saved position for session 1746641570399_4: (1, 0)"}
{"level":"info","message":"Saved position for session 1746641570399_4: (0, 0)"}
{"level":"info","message":"Saved position for session 1746641570399_4: (1, 0)"}
{"level":"info","message":"Saved position for session 1746641570399_4: (0, 0)"}
{"level":"info","message":"Client disconnected"}
{"level":"info","message":"Client connected"}
{"level":"info","message":"Saved position for session 1746641575221_404: (0, 1)"}
{"level":"info","message":"Saved position for session 1746641575221_404: (0, 2)"}
{"level":"info","message":"Saved position for session 1746641575221_404: (0, 3)"}
{"level":"info","message":"Saved position for session 1746641575221_404: (0, 4)"}
{"level":"info","message":"Saved position for session 1746641575221_404: (0, 5)"}
{"level":"info","message":"Saved position for session 1746641575221_404: (0, 6)"}
{"level":"info","message":"Session ended. Distance: 5.00"}
{"level":"info","message":"Saved position for session 1746641575221_404: (0, 5)"}
{"level":"info","message":"Saved position for session 1746641575221_404: (0, 4)"}
{"level":"info","message":"Saved position for session 1746641575221_404: (0, 3)"}
{"level":"info","message":"Saved position for session 1746641575221_404: (0, 2)"}
{"level":"info","message":"Saved position for session 1746641575221_404: (0, 1)"}
{"level":"info","message":"Saved position for session 1746641575221_404: (0, 0)"}
{"level":"info","message":"Saved position for session 1746641575221_404: (0, -1)"}
{"level":"info","message":"Saved position for session 1746641575221_404: (0, -2)"}
{"level":"info","message":"Saved position for session 1746641575221_404: (0, -3)"}
{"level":"info","message":"Client disconnected"}
{"level":"info","message":"WebSocket server running on ws://localhost:8080"}
{"level":"info","message":"Connected to MongoDB"}
{"level":"info","message":"Client connected"}
{"level":"info","message":"Nova partida iniciada: 1746641812623_96"}
{"level":"info","message":"Moviment sessió 1746641812623_96: (0, -1)"}
{"level":"info","message":"Moviment sessió 1746641812623_96: (0, 0)"}
{"level":"info","message":"Moviment sessió 1746641812623_96: (0, -1)"}
{"level":"info","message":"Moviment sessió 1746641812623_96: (0, -2)"}
{"level":"info","message":"Moviment sessió 1746641812623_96: (0, -3)"}
{"level":"info","message":"Moviment sessió 1746641812623_96: (0, -4)"}
{"level":"info","message":"Sessió 1746641812623_96 finalitzada. Distància: 3.00"}
{"level":"info","message":"Nova partida iniciada: 1746641845372_526"}
{"level":"info","message":"Moviment sessió 1746641845372_526: (0, -5)"}
{"level":"info","message":"Moviment sessió 1746641845372_526: (0, -6)"}
{"level":"info","message":"Moviment sessió 1746641845372_526: (0, -7)"}
{"level":"info","message":"Moviment sessió 1746641845372_526: (0, -8)"}
{"level":"info","message":"Moviment sessió 1746641845372_526: (0, -9)"}
{"level":"info","message":"Moviment sessió 1746641845372_526: (0, -10)"}
{"level":"info","message":"Moviment sessió 1746641845372_526: (0, -11)"}
{"level":"info","message":"Sessió 1746641845372_526 finalitzada. Distància: 6.00"}
{"level":"info","message":"Client disconnected"}
{"level":"info","message":"Client connected"}
{"level":"info","message":"Nova partida iniciada: 1746642068707_18"}
{"level":"info","message":"Moviment sessió 1746642068707_18: (1, 0)"}
{"level":"info","message":"Moviment sessió 1746642068707_18: (1, -1)"}
{"level":"info","message":"Moviment sessió 1746642068707_18: (0, -1)"}
{"level":"info","message":"Sessió 1746642068707_18 finalitzada. Distància: 1.41"}
{"level":"info","message":"Nova partida iniciada: 1746642108209_114"}
{"level":"info","message":"Moviment sessió 1746642108209_114: (0, -2)"}
{"level":"info","message":"Sessió 1746642108209_114 finalitzada. Distància: 0.00"}
